
Map of Debug\remotecontrol.sm8 from link file Debug\remotecontrol.lkf - Tue Apr 29 03:41:40 2025


                               --------
                               Segments
                               --------

start 00008080 end 0000819c length   284 segment .const
start 000081aa end 00009b54 length  6570 segment .text
start 00004000 end 00004000 length     0 segment .eeprom
start 00000000 end 00000006 length     6 segment .bsct, initialized
start 000081a4 end 000081aa length     6 segment .bsct, from
start 00000006 end 00000012 length    12 segment .ubsct
start 00000012 end 00000012 length     0 segment .bit
start 00000012 end 00000012 length     0 segment .share
start 00000100 end 00000100 length     0 segment .data
start 00000100 end 00000100 length     0 segment .bss
start 00000000 end 0000095b length  2395 segment .info.
start 00000000 end 00006378 length 25464 segment .debug
start 00008000 end 00008080 length   128 segment .const
start 0000819c end 000081a4 length     8 segment .init


                               -------
                               Modules
                               -------

C:\Program Files (x86)\COSMIC\FSE_Compilers\CXSTM8\lib\crtsi0.sm8:
start 000081aa end 000081fa length    80 section .text
start 00000100 end 00000100 length     0 section .bss
start 00000006 end 00000006 length     0 section .ubsct
start 00000000 end 00000033 length    51 section .info.

Debug\tinytp.o:
start 00000000 end 00000044 length    68 section .debug
start 00000033 end 0000009e length   107 section .info.

Debug\stm8s_awu.o:
start ******** end ******** length     0 section .text *** removed ***
start 00000044 end 00000603 length  1471 section .debug
start 0000009e end 0000010c length   110 section .info.
start ******** end ******** length     0 section .const *** removed ***

Debug\stm8s_clk.o:
start 000081fa end 00008900 length  1798 section .text
start 00000603 end 00001c72 length  5743 section .debug
start 0000010c end 0000017a length   110 section .info.
start 00008080 end 000080cd length    77 section .const

Debug\stm8s_exti.o:
start 00008900 end 00008a83 length   387 section .text
start 00001c72 end 00002101 length  1167 section .debug
start 0000017a end 000001e9 length   111 section .info.
start 000080cd end 0000810f length    66 section .const

Debug\stm8s_flash.o:
start ******** end ******** length     0 section .text *** removed ***
start 00002101 end 00002ee0 length  3551 section .debug
start 000001e9 end 00000259 length   112 section .info.
start ******** end ******** length     0 section .const *** removed ***

Debug\stm8s_gpio.o:
start 00008a83 end 00008bdf length   348 section .text
start 00002ee0 end 000038ea length  2570 section .debug
start 00000259 end 000002c8 length   111 section .info.
start 0000810f end 00008151 length    66 section .const

Debug\stm8s_itc.o:
start ******** end ******** length     0 section .text *** removed ***
start 000038ea end 00003eed length  1539 section .debug
start 000002c8 end 00000336 length   110 section .info.
start ******** end ******** length     0 section .const *** removed ***

Debug\stm8s_spi.o:
start 00008bdf end 00008fb9 length   986 section .text
start 00003eed end 00004e29 length  3900 section .debug
start 00000336 end 000003a4 length   110 section .info.
start 00008151 end 00008192 length    65 section .const

Debug\nrf24.o:
start 00008fb9 end 000094a6 length  1261 section .text
start 00004e29 end 0000565f length  2102 section .debug
start 000003a4 end 0000040e length   106 section .info.

Debug\ledstrip.o:
start 0000565f end 000056a3 length    68 section .debug
start 0000040e end 0000047b length   109 section .info.

Debug\main.o:
start 000094a6 end 0000995d length  1207 section .text
start 00000000 end 00000006 length     6 section .bsct
start 00000006 end 00000008 length     2 section .ubsct
start 000056a3 end 00005bde length  1339 section .debug
start 0000047b end 000004e4 length   105 section .info.
start 00008192 end 0000819c length    10 section .const

Debug\smartsocket.o:
start 00005bde end 00005c22 length    68 section .debug
start 000004e4 end 00000554 length   112 section .info.

Debug\stm8s_it.o:
start 0000995d end 000099c9 length   108 section .text
start 00005c22 end 0000620d length  1515 section .debug
start 00000554 end 000005c1 length   109 section .info.

(C:\Program Files (x86)\COSMIC\FSE_Compilers\CXSTM8\lib\libm0.sm8)cmulx.o:
start ******** end ******** length     0 section .text *** removed ***
start 000005c1 end 000005f0 length    47 section .info.

(C:\Program Files (x86)\COSMIC\FSE_Compilers\CXSTM8\lib\libm0.sm8)imul.o:
start ******** end ******** length     0 section .text *** removed ***
start 000005f0 end 0000061e length    46 section .info.

(C:\Program Files (x86)\COSMIC\FSE_Compilers\CXSTM8\lib\libm0.sm8)ladd.o:
start ******** end ******** length     0 section .text *** removed ***
start 0000061e end 0000064c length    46 section .info.

(C:\Program Files (x86)\COSMIC\FSE_Compilers\CXSTM8\lib\libm0.sm8)lcmp.o:
start ******** end ******** length     0 section .text *** removed ***
start 0000064c end 0000067a length    46 section .info.

(C:\Program Files (x86)\COSMIC\FSE_Compilers\CXSTM8\lib\libm0.sm8)lgadd.o:
start ******** end ******** length     0 section .text *** removed ***
start 0000067a end 000006a9 length    47 section .info.

(C:\Program Files (x86)\COSMIC\FSE_Compilers\CXSTM8\lib\libm0.sm8)lreg.o:
start 00000008 end 0000000c length     4 section .ubsct
start 000006a9 end 000006d7 length    46 section .info.

(C:\Program Files (x86)\COSMIC\FSE_Compilers\CXSTM8\lib\libm0.sm8)ltor.o:
start 000099c9 end 000099db length    18 section .text
start 000006d7 end 00000705 length    46 section .info.

(C:\Program Files (x86)\COSMIC\FSE_Compilers\CXSTM8\lib\libm0.sm8)ludiv.o:
start 000099db end 000099ef length    20 section .text
start 00000705 end 00000734 length    47 section .info.

(C:\Program Files (x86)\COSMIC\FSE_Compilers\CXSTM8\lib\libm0.sm8)ldiv.o:
start 000099ef end 00009ada length   235 section .text
start 00000734 end 00000762 length    46 section .info.

(C:\Program Files (x86)\COSMIC\FSE_Compilers\CXSTM8\lib\libm0.sm8)lgneg.o:
start 00009ada end 00009aed length    19 section .text
start 00000762 end 00000791 length    47 section .info.

(C:\Program Files (x86)\COSMIC\FSE_Compilers\CXSTM8\lib\libm0.sm8)lneg.o:
start 00009aed end 00009b02 length    21 section .text
start 00000791 end 000007bf length    46 section .info.

(C:\Program Files (x86)\COSMIC\FSE_Compilers\CXSTM8\lib\libm0.sm8)rtol.o:
start 00009b02 end 00009b14 length    18 section .text
start 000007bf end 000007ed length    46 section .info.

(C:\Program Files (x86)\COSMIC\FSE_Compilers\CXSTM8\lib\libm0.sm8)umul.o:
start ******** end ******** length     0 section .text *** removed ***
start 000007ed end 0000081b length    46 section .info.

(C:\Program Files (x86)\COSMIC\FSE_Compilers\CXSTM8\lib\libm0.sm8)xreg.o:
start 0000000c end 0000000f length     3 section .ubsct
start 0000081b end 00000849 length    46 section .info.

(C:\Program Files (x86)\COSMIC\FSE_Compilers\CXSTM8\lib\libm0.sm8)xymov.o:
start 00009b14 end 00009b53 length    63 section .text
start 00000849 end 00000878 length    47 section .info.

(C:\Program Files (x86)\COSMIC\FSE_Compilers\CXSTM8\lib\libm0.sm8)yreg.o:
start 0000000f end 00000012 length     3 section .ubsct
start 00000878 end 000008a6 length    46 section .info.

Debug\stm8_interrupt_vector.o:
start 00009b53 end 00009b54 length     1 section .text
start 0000620d end 00006378 length   363 section .debug
start 000008a6 end 00000920 length   122 section .info.
start 00008000 end 00008080 length   128 section .const


                             -----------
                             Stack usage
                             -----------

Debug\main.o:
_Init_NRF                              22   (3)
_Init_Pins                             14   (2)
_POWERSAVE                             19   (2)
_SWITCH_TO_LESDSTRIP_MODE              24   (7)
_SWITCH_TO_SOCKET_MODE                 24   (7)
_SystemClock_Config                >   18   (2)
_assert_failed                          6   (6)
_main                              >   31   (3)
_procces_LEDStrip                      28   (7)
_procces_socket                         2   (2)
_waiting_for_click                     14   (8)

Debug\nrf24.o:
_SPI_DeInit_NRF                        11   (2)
_SPI_Init_NRF                          19   (2)
_ce_high                                7   (2)
_ce_low                                 7   (2)
_cs_high                                7   (2)
_cs_low                                 7   (2)
_delay                                  6   (6)
_flush_rx                          >    9   (2)
_flush_tx                               9   (2)
_nrf_deinit                            17   (2)
_read_register                         13   (3)
_read_registerN                    >   17   (7)
_reset_status                      >   17   (2)
_rx_init                           >   17   (2)
_rx_read                           >   21   (6)
_test_rx                           >   16   (3)
_test_tx                               16   (3)
_tx_init                               17   (2)
_tx_send                               21   (6)
_write_register                        15   (5)
_write_registerN                       17   (7)

Debug\stm8_interrupt_vector.o:
f_NonHandledInterrupt              >    6   (6)

Debug\stm8s_clk.o:
_CLK_AdjustHSICalibrationValue     >    9   (3)
_CLK_CCOCmd                        >    9   (3)
_CLK_CCOConfig                     >    9   (3)
_CLK_ClearITPendingBit             >    9   (3)
_CLK_ClockSecuritySystemEnable     >    2   (2)
_CLK_ClockSwitchCmd                >    9   (3)
_CLK_ClockSwitchConfig                 16   (10)
_CLK_DeInit                        >    2   (2)
_CLK_FastHaltWakeUpCmd             >    9   (3)
_CLK_GetClockFreq                  >   25   (11)
_CLK_GetFlagStatus                     13   (7)
_CLK_GetITStatus                   >   10   (4)
_CLK_GetSYSCLKSource               >    2   (2)
_CLK_HSECmd                        >    9   (3)
_CLK_HSICmd                             9   (3)
_CLK_HSIPrescalerConfig                 9   (3)
_CLK_ITConfig                      >   10   (4)
_CLK_LSICmd                        >    9   (3)
_CLK_PeripheralClockConfig         >   10   (4)
_CLK_SWIMConfig                    >    9   (3)
_CLK_SYSCLKConfig                       9   (3)
_CLK_SYSCLKEmergencyClear          >    2   (2)
_CLK_SlowActiveHaltWakeUpCmd       >    9   (3)

Debug\stm8s_exti.o:
_EXTI_DeInit                       >    2   (2)
_EXTI_GetExtIntSensitivity         >   10   (4)
_EXTI_GetTLISensitivity            >    3   (3)
_EXTI_SetExtIntSensitivity             10   (4)
_EXTI_SetTLISensitivity            >    9   (3)

Debug\stm8s_gpio.o:
_GPIO_DeInit                            2   (2)
_GPIO_ExternalPullUpConfig         >   12   (6)
_GPIO_Init                             12   (6)
_GPIO_ReadInputData                >    2   (2)
_GPIO_ReadInputPin                      5   (5)
_GPIO_ReadOutputData               >    2   (2)
_GPIO_Write                        >    5   (5)
_GPIO_WriteHigh                         5   (5)
_GPIO_WriteLow                          5   (5)
_GPIO_WriteReverse                 >    5   (5)

Debug\stm8s_it.o:
f_ADC1_IRQHandler                  >    6   (6)
f_AWU_IRQHandler                   >    6   (6)
f_CLK_IRQHandler                   >    6   (6)
f_EEPROM_EEC_IRQHandler            >    6   (6)
f_EXTI_PORTA_IRQHandler            >    6   (6)
f_EXTI_PORTB_IRQHandler            >    6   (6)
f_EXTI_PORTC_IRQHandler            >    6   (6)
f_EXTI_PORTD_IRQHandler            >   34   (12)
f_EXTI_PORTE_IRQHandler            >    6   (6)
f_I2C_IRQHandler                   >    6   (6)
f_SPI_IRQHandler                   >    6   (6)
f_TIM1_CAP_COM_IRQHandler          >    6   (6)
f_TIM1_UPD_OVF_TRG_BRK_IRQHandler  >    6   (6)
f_TIM2_CAP_COM_IRQHandler          >    6   (6)
f_TIM2_UPD_OVF_BRK_IRQHandler      >    6   (6)
f_TIM4_UPD_OVF_IRQHandler          >    6   (6)
f_TLI_IRQHandler                   >    6   (6)
f_TRAP_IRQHandler                  >    6   (6)
f_UART1_RX_IRQHandler              >    6   (6)
f_UART1_TX_IRQHandler              >    6   (6)

Debug\stm8s_spi.o:
_SPI_BiDirectionalLineConfig       >    9   (3)
_SPI_CalculateCRCCmd                    9   (3)
_SPI_ClearFlag                     >    9   (3)
_SPI_ClearITPendingBit             >   10   (4)
_SPI_Cmd                                9   (3)
_SPI_DeInit                             2   (2)
_SPI_GetCRC                        >   10   (4)
_SPI_GetCRCPolynomial              >    2   (2)
_SPI_GetFlagStatus                     10   (4)
_SPI_GetITStatus                   >   11   (5)
_SPI_ITConfig                      >   11   (5)
_SPI_Init                              17   (11)
_SPI_NSSInternalSoftwareCmd        >    9   (3)
_SPI_ReceiveData                        2   (2)
_SPI_ResetCRC                      >   11   (2)
_SPI_SendData                           2   (2)
_SPI_TransmitCRC                   >    2   (2)

Stack size: 65


                              ---------
                              Call tree
                              ---------
   1 > _CLK_AdjustHSICalibrationValue: (3)
   2      + _assert_failed: (6)
       
   3 > _CLK_CCOCmd: (3)
   4      + _assert_failed --> 2
       
   5 > _CLK_CCOConfig: (3)
   6      + _assert_failed --> 2
       
   7 > _CLK_ClearITPendingBit: (3)
   8      + _assert_failed --> 2
       
   9 > _CLK_ClockSecuritySystemEnable: (2)

  10 > _CLK_ClockSwitchCmd: (3)
  11      + _assert_failed --> 2
       
  12 > _CLK_DeInit: (2)

  13 > _CLK_FastHaltWakeUpCmd: (3)
  14      + _assert_failed --> 2
       
  15 > _CLK_GetClockFreq: (11)

  16 > _CLK_GetITStatus: (4)
  17      + _assert_failed --> 2
       
  18 > _CLK_GetSYSCLKSource: (2)

  19 > _CLK_HSECmd: (3)
  20      + _assert_failed --> 2
       
  21 > _CLK_ITConfig: (4)
  22      + _assert_failed --> 2
       
  23 > _CLK_LSICmd: (3)
  24      + _assert_failed --> 2
       
  25 > _CLK_PeripheralClockConfig: (4)
  26      + _assert_failed --> 2
       
  27 > _CLK_SWIMConfig: (3)
  28      + _assert_failed --> 2
       
  29 > _CLK_SYSCLKEmergencyClear: (2)

  30 > _CLK_SlowActiveHaltWakeUpCmd: (3)
  31      + _assert_failed --> 2
       
  32 > _EXTI_DeInit: (2)

  33 > _EXTI_GetExtIntSensitivity: (4)
  34      + _assert_failed --> 2
       
  35 > _EXTI_GetTLISensitivity: (3)

  36 > _EXTI_SetTLISensitivity: (3)
  37      + _assert_failed --> 2
       
  38 > _GPIO_ExternalPullUpConfig: (6)
  39      + _assert_failed --> 2
       
  40 > _GPIO_ReadInputData: (2)

  41 > _GPIO_ReadOutputData: (2)

  42 > _GPIO_Write: (5)

  43 > _GPIO_WriteReverse: (5)

  44 > _SPI_BiDirectionalLineConfig: (3)
  45      + _assert_failed --> 2
       
  46 > _SPI_ClearFlag: (3)
  47      + _assert_failed --> 2
       
  48 > _SPI_ClearITPendingBit: (4)
  49      + _assert_failed --> 2
       
  50 > _SPI_GetCRC: (4)
  51      + _assert_failed --> 2
       
  52 > _SPI_GetCRCPolynomial: (2)

  53 > _SPI_GetITStatus: (5)
  54      + _assert_failed --> 2
       
  55 > _SPI_ITConfig: (5)
  56      + _assert_failed --> 2
       
  57 > _SPI_NSSInternalSoftwareCmd: (3)
  58      + _assert_failed --> 2
       
  59 > _SPI_ResetCRC: (2)
  60      + _SPI_CalculateCRCCmd: (3)
  61      |    + _assert_failed --> 2
          | 
  62      + _SPI_Cmd: (3)
  63      |    + _assert_failed --> 2
          | 
       
  64 > _SPI_TransmitCRC: (2)

  65 > _SystemClock_Config: (2)
  66      + _CLK_ClockSwitchConfig: (10)
  67      |    + _assert_failed --> 2
          | 
  68      + _CLK_GetFlagStatus: (7)
  69      |    + _assert_failed --> 2
          | 
  70      + _CLK_HSICmd: (3)
  71      |    + _assert_failed --> 2
          | 
  72      + _CLK_HSIPrescalerConfig: (3)
  73      |    + _assert_failed --> 2
          | 
  74      + _CLK_SYSCLKConfig: (3)
  75      |    + _assert_failed --> 2
          | 
       
  76 > __stext: (0)

  77 > _flush_rx: (2)
  78      + _SPI_SendData: (2)
  79      + _cs_high: (2)
  80      |    + _GPIO_WriteHigh: (5)
          | 
  81      + _cs_low: (2)
  82      |    + _GPIO_WriteLow: (5)
          | 
  83      + _delay: (6)
       
  84 > _main: (3)
  85      + _GPIO_Init: (6)
  86      |    + _assert_failed --> 2
          | 
  87      + _GPIO_WriteHigh --> 80
  88      + _GPIO_WriteLow --> 82
  89      + _Init_NRF: (3)
  90      |    + _SPI_Init_NRF: (2)
  91      |    |    + _SPI_Cmd --> 62
  92      |    |    + _SPI_Init: (11)
  93      |    |    |    + _assert_failed --> 2
          |    |    | 
          |    | 
  94      |    + _delay --> 83
  95      |    + _test_tx: (3)
  96      |    |    + _delay --> 83
  97      |    |    + _read_register: (3)
  98      |    |    |    + _SPI_GetFlagStatus: (4)
  99      |    |    |    |    + _assert_failed --> 2
          |    |    |    | 
 100      |    |    |    + _SPI_ReceiveData: (2)
 101      |    |    |    + _SPI_SendData --> 78
 102      |    |    |    + _cs_high --> 79
 103      |    |    |    + _cs_low --> 81
 104      |    |    |    + _delay --> 83
          |    |    | 
          |    | 
 105      |    + _tx_init: (2)
 106      |    |    + _GPIO_Init --> 85
 107      |    |    + _delay --> 83
 108      |    |    + _flush_tx: (2)
 109      |    |    |    + _SPI_SendData --> 78
 110      |    |    |    + _cs_high --> 79
 111      |    |    |    + _cs_low --> 81
 112      |    |    |    + _delay --> 83
          |    |    | 
 113      |    |    + _write_register: (5)
 114      |    |    |    + _SPI_GetFlagStatus --> 98
 115      |    |    |    + _SPI_SendData --> 78
 116      |    |    |    + _cs_high --> 79
 117      |    |    |    + _cs_low --> 81
 118      |    |    |    + _delay --> 83
          |    |    | 
          |    | 
 119      |    + _write_registerN: (7)
 120      |    |    + _SPI_GetFlagStatus --> 98
 121      |    |    + _SPI_SendData --> 78
 122      |    |    + _cs_high --> 79
 123      |    |    + _cs_low --> 81
 124      |    |    + _delay --> 83
          |    | 
          | 
 125      + _Init_Pins: (2)
 126      |    + _GPIO_Init --> 85
          | 
 127      + _POWERSAVE: (2)
 128      |    + _EXTI_SetExtIntSensitivity: (4)
 129      |    |    + _assert_failed --> 2
          |    | 
 130      |    + _GPIO_DeInit: (2)
 131      |    + _GPIO_Init --> 85
 132      |    + _GPIO_WriteLow --> 82
 133      |    + _SPI_DeInit_NRF: (2)
 134      |    |    + _SPI_Cmd --> 62
 135      |    |    + _SPI_DeInit: (2)
          |    | 
 136      |    + _delay --> 83
 137      |    + _nrf_deinit: (2)
 138      |    |    + _GPIO_DeInit --> 130
 139      |    |    + _delay --> 83
 140      |    |    + _write_register --> 113
          |    | 
          | 
 141      + _SWITCH_TO_LESDSTRIP_MODE: (7)
 142      |    + _delay --> 83
 143      |    + _write_registerN --> 119
          | 
 144      + _SWITCH_TO_SOCKET_MODE: (7)
 145      |    + _delay --> 83
 146      |    + _write_registerN --> 119
          | 
 147      + _procces_LEDStrip: (7)
 148      |    + _tx_send: (6)
 149      |    |    + _SPI_GetFlagStatus --> 98
 150      |    |    + _SPI_SendData --> 78
 151      |    |    + _ce_high: (2)
 152      |    |    |    + _GPIO_WriteHigh --> 80
          |    |    | 
 153      |    |    + _ce_low: (2)
 154      |    |    |    + _GPIO_WriteLow --> 82
          |    |    | 
 155      |    |    + _cs_high --> 79
 156      |    |    + _cs_low --> 81
 157      |    |    + _delay --> 83
 158      |    |    + _flush_tx --> 108
 159      |    |    + _read_register --> 97
 160      |    |    + _write_register --> 113
          |    | 
          | 
 161      + _procces_socket: (2)
 162      + _waiting_for_click: (8)
 163      |    + _GPIO_ReadInputPin: (5)
 164      |    + _GPIO_WriteHigh --> 80
 165      |    + _GPIO_WriteLow --> 82
 166      |    + _delay --> 83
          | 
       
 167 > _read_registerN: (7)
 168      + _SPI_GetFlagStatus --> 98
 169      + _SPI_ReceiveData --> 100
 170      + _SPI_SendData --> 78
 171      + _cs_high --> 79
 172      + _cs_low --> 81
 173      + _delay --> 83
       
 174 > _reset_status: (2)
 175      + _write_register --> 113
       
 176 > _rx_init: (2)
 177      + _GPIO_Init --> 85
 178      + _delay --> 83
 179      + _flush_tx --> 108
 180      + _write_register --> 113
       
 181 > _rx_read: (6)
 182      + _SPI_GetFlagStatus --> 98
 183      + _SPI_ReceiveData --> 100
 184      + _SPI_SendData --> 78
 185      + _cs_high --> 79
 186      + _cs_low --> 81
 187      + _delay --> 83
 188      + _write_register --> 113
       
 189 > _test_rx: (3)
 190      + _delay --> 83
 191      + _read_register --> 97
       
 192 > f_ADC1_IRQHandler: (6)

 193 > f_AWU_IRQHandler: (6)

 194 > f_CLK_IRQHandler: (6)

 195 > f_EEPROM_EEC_IRQHandler: (6)

 196 > f_EXTI_PORTA_IRQHandler: (6)

 197 > f_EXTI_PORTB_IRQHandler: (6)

 198 > f_EXTI_PORTC_IRQHandler: (6)

 199 > f_EXTI_PORTD_IRQHandler: (12)
 200      + _GPIO_ReadInputPin --> 163
 201      + _GPIO_WriteHigh --> 80
 202      + _GPIO_WriteLow --> 82
 203      + _Init_NRF --> 89
 204      + _Init_Pins --> 125
 205      + _delay --> 83
       
 206 > f_EXTI_PORTE_IRQHandler: (6)

 207 > f_I2C_IRQHandler: (6)

 208 > f_NonHandledInterrupt: (6)

 209 > f_SPI_IRQHandler: (6)

 210 > f_TIM1_CAP_COM_IRQHandler: (6)

 211 > f_TIM1_UPD_OVF_TRG_BRK_IRQHandler: (6)

 212 > f_TIM2_CAP_COM_IRQHandler: (6)

 213 > f_TIM2_UPD_OVF_BRK_IRQHandler: (6)

 214 > f_TIM4_UPD_OVF_IRQHandler: (6)

 215 > f_TLI_IRQHandler: (6)

 216 > f_TRAP_IRQHandler: (6)

 217 > f_UART1_RX_IRQHandler: (6)

 218 > f_UART1_TX_IRQHandler: (6)

 219   _CLK_ClockSwitchConfig --> 66

 220   _CLK_GetFlagStatus --> 68

 221   _CLK_HSICmd --> 70

 222   _CLK_HSIPrescalerConfig --> 72

 223   _CLK_SYSCLKConfig --> 74

 224   _EXTI_SetExtIntSensitivity --> 128

 225   _GPIO_DeInit --> 130

 226   _GPIO_Init --> 85

 227   _GPIO_ReadInputPin --> 163

 228   _GPIO_WriteHigh --> 80

 229   _GPIO_WriteLow --> 82

 230   _Init_NRF --> 89

 231   _Init_Pins --> 125

 232   _POWERSAVE --> 127

 233   _SPI_CalculateCRCCmd --> 60

 234   _SPI_Cmd --> 62

 235   _SPI_DeInit --> 135

 236   _SPI_DeInit_NRF --> 133

 237   _SPI_GetFlagStatus --> 98

 238   _SPI_Init --> 92

 239   _SPI_Init_NRF --> 90

 240   _SPI_ReceiveData --> 100

 241   _SPI_SendData --> 78

 242   _SWITCH_TO_LESDSTRIP_MODE --> 141

 243   _SWITCH_TO_SOCKET_MODE --> 144

 244   _assert_failed --> 2

 245   _ce_high --> 151

 246   _ce_low --> 153

 247   _cs_high --> 79

 248   _cs_low --> 81

 249   _delay --> 83

 250   _flush_tx --> 108

 251   _nrf_deinit --> 137

 252   _procces_LEDStrip --> 147

 253   _procces_socket --> 161

 254   _read_register --> 97

 255   _test_tx --> 95

 256   _tx_init --> 105

 257   _tx_send --> 148

 258   _waiting_for_click --> 162

 259   _write_register --> 113

 260   _write_registerN --> 119



                               -------
                               Symbols
                               -------

_APR_Array                          ********   *** removed from Debug\stm8s_awu.o ***
_AWU_Cmd                            ********   *** removed from Debug\stm8s_awu.o ***
_AWU_DeInit                         ********   *** removed from Debug\stm8s_awu.o ***
_AWU_GetFlagStatus                  ********   *** removed from Debug\stm8s_awu.o ***
_AWU_IdleModeEnable                 ********   *** removed from Debug\stm8s_awu.o ***
_AWU_Init                           ********   *** removed from Debug\stm8s_awu.o ***
_AWU_LSICalibrationConfig           ********   *** removed from Debug\stm8s_awu.o ***
_CLKPrescTable                      00008084   defined in Debug\stm8s_clk.o section .const
_CLK_AdjustHSICalibrationValue      000087a2   defined in Debug\stm8s_clk.o section .text
_CLK_CCOCmd                         000082de   defined in Debug\stm8s_clk.o section .text
_CLK_CCOConfig                      000085b8   defined in Debug\stm8s_clk.o section .text
_CLK_ClearITPendingBit              000088d2   defined in Debug\stm8s_clk.o section .text
_CLK_ClockSecuritySystemEnable      00008725   defined in Debug\stm8s_clk.o section .text
_CLK_ClockSwitchCmd                 00008309   defined in Debug\stm8s_clk.o section .text
_CLK_ClockSwitchConfig              0000844d   defined in Debug\stm8s_clk.o section .text
                                               used in Debug\main.o
_CLK_DeInit                         000081fa   defined in Debug\stm8s_clk.o section .text
_CLK_FastHaltWakeUpCmd              00008232   defined in Debug\stm8s_clk.o section .text
_CLK_GetClockFreq                   0000872e   defined in Debug\stm8s_clk.o section .text
_CLK_GetFlagStatus                  000087e6   defined in Debug\stm8s_clk.o section .text
                                               used in Debug\main.o
_CLK_GetITStatus                    00008887   defined in Debug\stm8s_clk.o section .text
_CLK_GetSYSCLKSource                0000872a   defined in Debug\stm8s_clk.o section .text
_CLK_HSECmd                         0000825d   defined in Debug\stm8s_clk.o section .text
_CLK_HSICmd                         00008288   defined in Debug\stm8s_clk.o section .text
                                               used in Debug\main.o
_CLK_HSIPrescalerConfig             00008583   defined in Debug\stm8s_clk.o section .text
                                               used in Debug\main.o
_CLK_ITConfig                       00008615   defined in Debug\stm8s_clk.o section .text
_CLK_LSICmd                         000082b3   defined in Debug\stm8s_clk.o section .text
_CLK_PeripheralClockConfig          0000835f   defined in Debug\stm8s_clk.o section .text
_CLK_SWIMConfig                     000086fa   defined in Debug\stm8s_clk.o section .text
_CLK_SYSCLKConfig                   00008689   defined in Debug\stm8s_clk.o section .text
                                               used in Debug\main.o
_CLK_SYSCLKEmergencyClear           000087e1   defined in Debug\stm8s_clk.o section .text
_CLK_SlowActiveHaltWakeUpCmd        00008334   defined in Debug\stm8s_clk.o section .text
_CURRENT_MODE                       00000000   defined in Debug\main.o section .bsct, initialized
_EXTI_DeInit                        00008900   defined in Debug\stm8s_exti.o section .text
_EXTI_GetExtIntSensitivity          00008a00   defined in Debug\stm8s_exti.o section .text
_EXTI_GetTLISensitivity             00008a76   defined in Debug\stm8s_exti.o section .text
_EXTI_SetExtIntSensitivity          00008909   defined in Debug\stm8s_exti.o section .text
                                               used in Debug\main.o
_EXTI_SetTLISensitivity             000089d7   defined in Debug\stm8s_exti.o section .text
_FLASH_DeInit                       ********   *** removed from Debug\stm8s_flash.o ***
_FLASH_EraseBlock                   ********   *** removed from Debug\stm8s_flash.o ***
_FLASH_EraseByte                    ********   *** removed from Debug\stm8s_flash.o ***
_FLASH_EraseOptionByte              ********   *** removed from Debug\stm8s_flash.o ***
_FLASH_GetBootSize                  ********   *** removed from Debug\stm8s_flash.o ***
_FLASH_GetFlagStatus                ********   *** removed from Debug\stm8s_flash.o ***
_FLASH_GetLowPowerMode              ********   *** removed from Debug\stm8s_flash.o ***
_FLASH_GetProgrammingTime           ********   *** removed from Debug\stm8s_flash.o ***
_FLASH_ITConfig                     ********   *** removed from Debug\stm8s_flash.o ***
_FLASH_Lock                         ********   *** removed from Debug\stm8s_flash.o ***
_FLASH_ProgramBlock                 ********   *** removed from Debug\stm8s_flash.o ***
_FLASH_ProgramByte                  ********   *** removed from Debug\stm8s_flash.o ***
_FLASH_ProgramOptionByte            ********   *** removed from Debug\stm8s_flash.o ***
_FLASH_ProgramWord                  ********   *** removed from Debug\stm8s_flash.o ***
_FLASH_ReadByte                     ********   *** removed from Debug\stm8s_flash.o ***
_FLASH_ReadOptionByte               ********   *** removed from Debug\stm8s_flash.o ***
_FLASH_SetLowPowerMode              ********   *** removed from Debug\stm8s_flash.o ***
_FLASH_SetProgrammingTime           ********   *** removed from Debug\stm8s_flash.o ***
_FLASH_Unlock                       ********   *** removed from Debug\stm8s_flash.o ***
_FLASH_WaitForLastOperation         ********   *** removed from Debug\stm8s_flash.o ***
_GPIO_DeInit                        00008a83   defined in Debug\stm8s_gpio.o section .text
                                               used in Debug\nrf24.o Debug\main.o
_GPIO_ExternalPullUpConfig          00008b91   defined in Debug\stm8s_gpio.o section .text
_GPIO_Init                          00008a8b   defined in Debug\stm8s_gpio.o section .text
                                               used in Debug\nrf24.o Debug\main.o
_GPIO_ReadInputData                 00008b87   defined in Debug\stm8s_gpio.o section .text
_GPIO_ReadInputPin                  00008b8a   defined in Debug\stm8s_gpio.o section .text
                                               used in Debug\main.o
                                                       Debug\stm8s_it.o
_GPIO_ReadOutputData                00008b85   defined in Debug\stm8s_gpio.o section .text
_GPIO_Write                         00008b67   defined in Debug\stm8s_gpio.o section .text
_GPIO_WriteHigh                     00008b6f   defined in Debug\stm8s_gpio.o section .text
                                               used in Debug\nrf24.o Debug\main.o
                                                       Debug\stm8s_it.o
_GPIO_WriteLow                      00008b76   defined in Debug\stm8s_gpio.o section .text
                                               used in Debug\nrf24.o Debug\main.o
                                                       Debug\stm8s_it.o
_GPIO_WriteReverse                  00008b7e   defined in Debug\stm8s_gpio.o section .text
_HSIDivFactor                       00008080   defined in Debug\stm8s_clk.o section .const
_ITC_DeInit                         ********   *** removed from Debug\stm8s_itc.o ***
_ITC_GetCPUCC                       ********   *** removed from Debug\stm8s_itc.o ***
_ITC_GetSoftIntStatus               ********   *** removed from Debug\stm8s_itc.o ***
_ITC_GetSoftwarePriority            ********   *** removed from Debug\stm8s_itc.o ***
_ITC_SetSoftwarePriority            ********   *** removed from Debug\stm8s_itc.o ***
_Init_NRF                           000094ff   defined in Debug\main.o section .text
                                               used in Debug\stm8s_it.o
_Init_Pins                          000094a6   defined in Debug\main.o section .text
                                               used in Debug\stm8s_it.o
_POWERSAVE                          00009846   defined in Debug\main.o section .text
_SPI_BiDirectionalLineConfig        00008e7a   defined in Debug\stm8s_spi.o section .text
_SPI_CalculateCRCCmd                00008e11   defined in Debug\stm8s_spi.o section .text
_SPI_ClearFlag                      00008ee9   defined in Debug\stm8s_spi.o section .text
_SPI_ClearITPendingBit              00008f80   defined in Debug\stm8s_spi.o section .text
_SPI_Cmd                            00008d3d   defined in Debug\stm8s_spi.o section .text
                                               used in Debug\nrf24.o
_SPI_DeInit                         00008bdf   defined in Debug\stm8s_spi.o section .text
                                               used in Debug\nrf24.o
_SPI_DeInit_NRF                     00009038   defined in Debug\nrf24.o section .text
                                               used in Debug\main.o
_SPI_GetCRC                         00008e3c   defined in Debug\stm8s_spi.o section .text
_SPI_GetCRCPolynomial               00008e76   defined in Debug\stm8s_spi.o section .text
_SPI_GetFlagStatus                  00008ea5   defined in Debug\stm8s_spi.o section .text
                                               used in Debug\nrf24.o
_SPI_GetITStatus                    00008f0d   defined in Debug\stm8s_spi.o section .text
_SPI_ITConfig                       00008d68   defined in Debug\stm8s_spi.o section .text
_SPI_Init                           00008bf4   defined in Debug\stm8s_spi.o section .text
                                               used in Debug\nrf24.o
_SPI_Init_NRF                       0000901e   defined in Debug\nrf24.o section .text
                                               used in Debug\main.o
_SPI_NSSInternalSoftwareCmd         00008de1   defined in Debug\stm8s_spi.o section .text
_SPI_ReceiveData                    00008ddd   defined in Debug\stm8s_spi.o section .text
                                               used in Debug\nrf24.o
_SPI_ResetCRC                       00008e6c   defined in Debug\stm8s_spi.o section .text
_SPI_SendData                       00008dd9   defined in Debug\stm8s_spi.o section .text
                                               used in Debug\nrf24.o
_SPI_TransmitCRC                    00008e0c   defined in Debug\stm8s_spi.o section .text
_SWITCH_TO_LESDSTRIP_MODE           000097bb   defined in Debug\main.o section .text
_SWITCH_TO_SOCKET_MODE              00009817   defined in Debug\main.o section .text
_SystemClock_Config                 00009886   defined in Debug\main.o section .text
_TBR_Array                          ********   *** removed from Debug\stm8s_awu.o ***
__endmem                            000001ff   defined in command file
                                               *** not used ***
__endzp                             00000012   defined in command file section .ubsct
                                               used in C:\Program Files (x86)\COSMIC\FSE_Compilers\CXSTM8\lib\crtsi0.sm8
__idesc__                           0000819c   defined in linker section .init
                                               used in C:\Program Files (x86)\COSMIC\FSE_Compilers\CXSTM8\lib\crtsi0.sm8
__memory                            00000100   defined in command file section .bss
                                               used in C:\Program Files (x86)\COSMIC\FSE_Compilers\CXSTM8\lib\crtsi0.sm8
__stack                             000003ff   defined in command file
                                               used in C:\Program Files (x86)\COSMIC\FSE_Compilers\CXSTM8\lib\crtsi0.sm8
__startmem                          00000100   defined in command file section .bss
                                               *** not used ***
__stext                             000081aa   defined in C:\Program Files (x86)\COSMIC\FSE_Compilers\CXSTM8\lib\crtsi0.sm8 section .text
                                               used in Debug\stm8_interrupt_vector.o
__vectab                            00008000   defined in Debug\stm8_interrupt_vector.o section .const
_assert_failed                      0000995b   defined in Debug\main.o section .text
                                               used in Debug\stm8s_awu.o
                                                       Debug\stm8s_clk.o
                                                       Debug\stm8s_exti.o
                                                       Debug\stm8s_flash.o
                                                       Debug\stm8s_gpio.o
                                                       Debug\stm8s_itc.o
                                                       Debug\stm8s_spi.o
_ce_high                            00008fe5   defined in Debug\nrf24.o section .text
_ce_low                             00008fef   defined in Debug\nrf24.o section .text
_col                                00000006   defined in Debug\main.o section .ubsct
_cs_high                            00008fd1   defined in Debug\nrf24.o section .text
_cs_low                             00008fdb   defined in Debug\nrf24.o section .text
_delay                              00008fb9   defined in Debug\nrf24.o section .text
                                               used in Debug\main.o
                                                       Debug\stm8s_it.o
_exit                               000081f8   defined in C:\Program Files (x86)\COSMIC\FSE_Compilers\CXSTM8\lib\crtsi0.sm8 section .text
_flush_rx                           0000900f   defined in Debug\nrf24.o section .text
_flush_tx                           00009000   defined in Debug\nrf24.o section .text
_main                               000098aa   defined in Debug\main.o section .text
                                               used in C:\Program Files (x86)\COSMIC\FSE_Compilers\CXSTM8\lib\crtsi0.sm8
_nrf_deinit                         0000931d   defined in Debug\nrf24.o section .text
                                               used in Debug\main.o
_procces_LEDStrip                   000097e5   defined in Debug\main.o section .text
_procces_socket                     00009843   defined in Debug\main.o section .text
_read_register                      00009040   defined in Debug\nrf24.o section .text
_read_registerN                     000090c0   defined in Debug\nrf24.o section .text
_reset_status                       00008ff9   defined in Debug\nrf24.o section .text
_row                                00000007   defined in Debug\main.o section .ubsct
_rx_init                            00009241   defined in Debug\nrf24.o section .text
_rx_read                            000091e7   defined in Debug\nrf24.o section .text
_test_rx                            00009406   defined in Debug\nrf24.o section .text
_test_tx                            0000936c   defined in Debug\nrf24.o section .text
                                               used in Debug\main.o
_tx_init                            000092b5   defined in Debug\nrf24.o section .text
                                               used in Debug\main.o
_tx_send                            00009176   defined in Debug\nrf24.o section .text
                                               used in Debug\main.o
_txaddr                             00000001   defined in Debug\main.o section .bsct, initialized
_waiting_for_click                  00009531   defined in Debug\main.o section .text
_write_register                     00009090   defined in Debug\nrf24.o section .text
_write_registerN                    0000912a   defined in Debug\nrf24.o section .text
                                               used in Debug\main.o
c_cmulx                             ********   *** removed from (C:\Program Files (x86)\COSMIC\FSE_Compilers\CXSTM8\lib\libm0.sm8)cmulx.o ***
c_divsl                             000099ef   defined in (C:\Program Files (x86)\COSMIC\FSE_Compilers\CXSTM8\lib\libm0.sm8)ldiv.o section .text
                                               *** not used ***
c_divul                             00009a06   defined in (C:\Program Files (x86)\COSMIC\FSE_Compilers\CXSTM8\lib\libm0.sm8)ldiv.o section .text
                                               used in (C:\Program Files (x86)\COSMIC\FSE_Compilers\CXSTM8\lib\libm0.sm8)ludiv.o
c_imul                              ********   *** removed from (C:\Program Files (x86)\COSMIC\FSE_Compilers\CXSTM8\lib\libm0.sm8)imul.o ***
c_ladd                              ********   *** removed from (C:\Program Files (x86)\COSMIC\FSE_Compilers\CXSTM8\lib\libm0.sm8)ladd.o ***
c_lcmp                              ********   *** removed from (C:\Program Files (x86)\COSMIC\FSE_Compilers\CXSTM8\lib\libm0.sm8)lcmp.o ***
c_lgadd                             ********   *** removed from (C:\Program Files (x86)\COSMIC\FSE_Compilers\CXSTM8\lib\libm0.sm8)lgadd.o ***
c_lgneg                             00009ada   defined in (C:\Program Files (x86)\COSMIC\FSE_Compilers\CXSTM8\lib\libm0.sm8)lgneg.o section .text
                                               used in (C:\Program Files (x86)\COSMIC\FSE_Compilers\CXSTM8\lib\libm0.sm8)ldiv.o
c_lneg                              00009aed   defined in (C:\Program Files (x86)\COSMIC\FSE_Compilers\CXSTM8\lib\libm0.sm8)lneg.o section .text
                                               used in (C:\Program Files (x86)\COSMIC\FSE_Compilers\CXSTM8\lib\libm0.sm8)ldiv.o
c_lreg                              00000008   defined in (C:\Program Files (x86)\COSMIC\FSE_Compilers\CXSTM8\lib\libm0.sm8)lreg.o section .ubsct
                                               used in Debug\stm8s_awu.o
                                                       Debug\stm8s_clk.o
                                                       Debug\stm8s_flash.o
                                                       (C:\Program Files (x86)\COSMIC\FSE_Compilers\CXSTM8\lib\libm0.sm8)cmulx.o
                                                       (C:\Program Files (x86)\COSMIC\FSE_Compilers\CXSTM8\lib\libm0.sm8)ladd.o
                                                       (C:\Program Files (x86)\COSMIC\FSE_Compilers\CXSTM8\lib\libm0.sm8)lcmp.o
                                                       (C:\Program Files (x86)\COSMIC\FSE_Compilers\CXSTM8\lib\libm0.sm8)lgadd.o
                                                       (C:\Program Files (x86)\COSMIC\FSE_Compilers\CXSTM8\lib\libm0.sm8)ltor.o
                                                       (C:\Program Files (x86)\COSMIC\FSE_Compilers\CXSTM8\lib\libm0.sm8)ldiv.o
                                                       (C:\Program Files (x86)\COSMIC\FSE_Compilers\CXSTM8\lib\libm0.sm8)lneg.o
                                                       (C:\Program Files (x86)\COSMIC\FSE_Compilers\CXSTM8\lib\libm0.sm8)rtol.o
                                                       (C:\Program Files (x86)\COSMIC\FSE_Compilers\CXSTM8\lib\libm0.sm8)umul.o
c_ltor                              000099c9   defined in (C:\Program Files (x86)\COSMIC\FSE_Compilers\CXSTM8\lib\libm0.sm8)ltor.o section .text
                                               used in Debug\stm8s_awu.o
                                                       Debug\stm8s_clk.o
                                                       Debug\stm8s_flash.o
c_ludv                              000099db   defined in (C:\Program Files (x86)\COSMIC\FSE_Compilers\CXSTM8\lib\libm0.sm8)ludiv.o section .text
                                               used in Debug\stm8s_awu.o
                                                       Debug\stm8s_clk.o
c_rtol                              00009b02   defined in (C:\Program Files (x86)\COSMIC\FSE_Compilers\CXSTM8\lib\libm0.sm8)rtol.o section .text
                                               used in Debug\stm8s_clk.o
                                                       Debug\stm8s_flash.o
c_umul                              ********   *** removed from (C:\Program Files (x86)\COSMIC\FSE_Compilers\CXSTM8\lib\libm0.sm8)umul.o ***
c_x                                 0000000c   defined in (C:\Program Files (x86)\COSMIC\FSE_Compilers\CXSTM8\lib\libm0.sm8)xreg.o section .ubsct
                                               used in C:\Program Files (x86)\COSMIC\FSE_Compilers\CXSTM8\lib\crtsi0.sm8
                                                       Debug\stm8s_awu.o
                                                       Debug\stm8s_it.o
                                                       (C:\Program Files (x86)\COSMIC\FSE_Compilers\CXSTM8\lib\libm0.sm8)imul.o
                                                       (C:\Program Files (x86)\COSMIC\FSE_Compilers\CXSTM8\lib\libm0.sm8)ldiv.o
                                                       (C:\Program Files (x86)\COSMIC\FSE_Compilers\CXSTM8\lib\libm0.sm8)umul.o
                                                       (C:\Program Files (x86)\COSMIC\FSE_Compilers\CXSTM8\lib\libm0.sm8)xymov.o
c_xymov                             00009b14   defined in (C:\Program Files (x86)\COSMIC\FSE_Compilers\CXSTM8\lib\libm0.sm8)xymov.o section .text
                                               used in Debug\main.o
c_y                                 0000000f   defined in (C:\Program Files (x86)\COSMIC\FSE_Compilers\CXSTM8\lib\libm0.sm8)yreg.o section .ubsct
                                               used in C:\Program Files (x86)\COSMIC\FSE_Compilers\CXSTM8\lib\crtsi0.sm8
                                                       Debug\stm8s_it.o
                                                       (C:\Program Files (x86)\COSMIC\FSE_Compilers\CXSTM8\lib\libm0.sm8)umul.o
f_ADC1_IRQHandler                   000099c6   defined in Debug\stm8s_it.o section .text
                                               used in Debug\stm8_interrupt_vector.o
f_AWU_IRQHandler                    0000995f   defined in Debug\stm8s_it.o section .text
                                               used in Debug\stm8_interrupt_vector.o
f_CLK_IRQHandler                    00009960   defined in Debug\stm8s_it.o section .text
                                               used in Debug\stm8_interrupt_vector.o
f_EEPROM_EEC_IRQHandler             000099c8   defined in Debug\stm8s_it.o section .text
                                               used in Debug\stm8_interrupt_vector.o
f_EXTI_PORTA_IRQHandler             00009961   defined in Debug\stm8s_it.o section .text
                                               used in Debug\stm8_interrupt_vector.o
f_EXTI_PORTB_IRQHandler             00009962   defined in Debug\stm8s_it.o section .text
                                               used in Debug\stm8_interrupt_vector.o
f_EXTI_PORTC_IRQHandler             00009963   defined in Debug\stm8s_it.o section .text
                                               used in Debug\stm8_interrupt_vector.o
f_EXTI_PORTD_IRQHandler             00009964   defined in Debug\stm8s_it.o section .text
                                               used in Debug\stm8_interrupt_vector.o
f_EXTI_PORTE_IRQHandler             000099bd   defined in Debug\stm8s_it.o section .text
                                               used in Debug\stm8_interrupt_vector.o
f_I2C_IRQHandler                    000099c5   defined in Debug\stm8s_it.o section .text
                                               used in Debug\stm8_interrupt_vector.o
f_NonHandledInterrupt               00009b53   defined in Debug\stm8_interrupt_vector.o section .text
f_SPI_IRQHandler                    000099be   defined in Debug\stm8s_it.o section .text
                                               used in Debug\stm8_interrupt_vector.o
f_TIM1_CAP_COM_IRQHandler           000099c0   defined in Debug\stm8s_it.o section .text
                                               used in Debug\stm8_interrupt_vector.o
f_TIM1_UPD_OVF_TRG_BRK_IRQHandler   000099bf   defined in Debug\stm8s_it.o section .text
                                               used in Debug\stm8_interrupt_vector.o
f_TIM2_CAP_COM_IRQHandler           000099c2   defined in Debug\stm8s_it.o section .text
                                               used in Debug\stm8_interrupt_vector.o
f_TIM2_UPD_OVF_BRK_IRQHandler       000099c1   defined in Debug\stm8s_it.o section .text
                                               used in Debug\stm8_interrupt_vector.o
f_TIM4_UPD_OVF_IRQHandler           000099c7   defined in Debug\stm8s_it.o section .text
                                               used in Debug\stm8_interrupt_vector.o
f_TLI_IRQHandler                    0000995e   defined in Debug\stm8s_it.o section .text
                                               used in Debug\stm8_interrupt_vector.o
f_TRAP_IRQHandler                   0000995d   defined in Debug\stm8s_it.o section .text
                                               used in Debug\stm8_interrupt_vector.o
f_UART1_RX_IRQHandler               000099c4   defined in Debug\stm8s_it.o section .text
                                               used in Debug\stm8_interrupt_vector.o
f_UART1_TX_IRQHandler               000099c3   defined in Debug\stm8s_it.o section .text
                                               used in Debug\stm8_interrupt_vector.o
