
Map of Debug\remotecontrol.sm8 from link file Debug\remotecontrol.lkf - Sat Jan 25 10:36:23 2025


                               --------
                               Segments
                               --------

start 00008080 end 000081a0 length   288 segment .const
start 000081ae end 00009be1 length  6707 segment .text
start 00004000 end 00004000 length     0 segment .eeprom
start 00000000 end 00000006 length     6 segment .bsct, initialized
start 000081a8 end 000081ae length     6 segment .bsct, from
start 00000006 end 00000012 length    12 segment .ubsct
start 00000012 end 00000012 length     0 segment .bit
start 00000012 end 00000012 length     0 segment .share
start 00000100 end 00000100 length     0 segment .data
start 00000100 end 00000100 length     0 segment .bss
start 00000000 end 00000813 length  2067 segment .info.
start 00000000 end 000062b6 length 25270 segment .debug
start 00008000 end 00008080 length   128 segment .const
start 000081a0 end 000081a8 length     8 segment .init


                               -------
                               Modules
                               -------

C:\Program Files (x86)\COSMIC\FSE_Compilers\CXSTM8\lib\crtsi0.sm8:
start 000081ae end 000081fe length    80 section .text
start 00000100 end 00000100 length     0 section .bss
start 00000006 end 00000006 length     0 section .ubsct
start 00000000 end 00000033 length    51 section .info.

Debug\stm8s_awu.o:
start ******** end ******** length     0 section .text *** removed ***
start 00000000 end 000005bf length  1471 section .debug
start 00000033 end 000000a1 length   110 section .info.
start ******** end ******** length     0 section .const *** removed ***

Debug\stm8s_clk.o:
start 000081fe end 00008904 length  1798 section .text
start 000005bf end 00001c2e length  5743 section .debug
start 000000a1 end 0000010f length   110 section .info.
start 00008080 end 000080cd length    77 section .const

Debug\stm8s_exti.o:
start 00008904 end 00008a87 length   387 section .text
start 00001c2e end 000020bd length  1167 section .debug
start 0000010f end 0000017e length   111 section .info.
start 000080cd end 0000810f length    66 section .const

Debug\stm8s_flash.o:
start ******** end ******** length     0 section .text *** removed ***
start 000020bd end 00002e9c length  3551 section .debug
start 0000017e end 000001ee length   112 section .info.
start ******** end ******** length     0 section .const *** removed ***

Debug\stm8s_gpio.o:
start 00008a87 end 00008be3 length   348 section .text
start 00002e9c end 000038a6 length  2570 section .debug
start 000001ee end 0000025d length   111 section .info.
start 0000810f end 00008151 length    66 section .const

Debug\stm8s_itc.o:
start ******** end ******** length     0 section .text *** removed ***
start 000038a6 end 00003ea9 length  1539 section .debug
start 0000025d end 000002cb length   110 section .info.
start ******** end ******** length     0 section .const *** removed ***

Debug\stm8s_spi.o:
start 00008be3 end 00008fbd length   986 section .text
start 00003ea9 end 00004de5 length  3900 section .debug
start 000002cb end 00000339 length   110 section .info.
start 00008151 end 00008192 length    65 section .const

Debug\nrf24.o:
start 00008fbd end 00009541 length  1412 section .text
start 00004de5 end 00005657 length  2162 section .debug
start 00000339 end 000003a3 length   106 section .info.

Debug\main.o:
start 00009541 end 000099ea length  1193 section .text
start 00000000 end 00000006 length     6 section .bsct
start 00000006 end 00000008 length     2 section .ubsct
start 00005657 end 00005b60 length  1289 section .debug
start 000003a3 end 0000040c length   105 section .info.
start 00008192 end 000081a0 length    14 section .const

Debug\stm8s_it.o:
start 000099ea end 00009a56 length   108 section .text
start 00005b60 end 0000614b length  1515 section .debug
start 0000040c end 00000479 length   109 section .info.

(C:\Program Files (x86)\COSMIC\FSE_Compilers\CXSTM8\lib\libm0.sm8)cmulx.o:
start ******** end ******** length     0 section .text *** removed ***
start 00000479 end 000004a8 length    47 section .info.

(C:\Program Files (x86)\COSMIC\FSE_Compilers\CXSTM8\lib\libm0.sm8)imul.o:
start ******** end ******** length     0 section .text *** removed ***
start 000004a8 end 000004d6 length    46 section .info.

(C:\Program Files (x86)\COSMIC\FSE_Compilers\CXSTM8\lib\libm0.sm8)ladd.o:
start ******** end ******** length     0 section .text *** removed ***
start 000004d6 end 00000504 length    46 section .info.

(C:\Program Files (x86)\COSMIC\FSE_Compilers\CXSTM8\lib\libm0.sm8)lcmp.o:
start ******** end ******** length     0 section .text *** removed ***
start 00000504 end 00000532 length    46 section .info.

(C:\Program Files (x86)\COSMIC\FSE_Compilers\CXSTM8\lib\libm0.sm8)lgadd.o:
start ******** end ******** length     0 section .text *** removed ***
start 00000532 end 00000561 length    47 section .info.

(C:\Program Files (x86)\COSMIC\FSE_Compilers\CXSTM8\lib\libm0.sm8)lreg.o:
start 00000008 end 0000000c length     4 section .ubsct
start 00000561 end 0000058f length    46 section .info.

(C:\Program Files (x86)\COSMIC\FSE_Compilers\CXSTM8\lib\libm0.sm8)ltor.o:
start 00009a56 end 00009a68 length    18 section .text
start 0000058f end 000005bd length    46 section .info.

(C:\Program Files (x86)\COSMIC\FSE_Compilers\CXSTM8\lib\libm0.sm8)ludiv.o:
start 00009a68 end 00009a7c length    20 section .text
start 000005bd end 000005ec length    47 section .info.

(C:\Program Files (x86)\COSMIC\FSE_Compilers\CXSTM8\lib\libm0.sm8)ldiv.o:
start 00009a7c end 00009b67 length   235 section .text
start 000005ec end 0000061a length    46 section .info.

(C:\Program Files (x86)\COSMIC\FSE_Compilers\CXSTM8\lib\libm0.sm8)lgneg.o:
start 00009b67 end 00009b7a length    19 section .text
start 0000061a end 00000649 length    47 section .info.

(C:\Program Files (x86)\COSMIC\FSE_Compilers\CXSTM8\lib\libm0.sm8)lneg.o:
start 00009b7a end 00009b8f length    21 section .text
start 00000649 end 00000677 length    46 section .info.

(C:\Program Files (x86)\COSMIC\FSE_Compilers\CXSTM8\lib\libm0.sm8)rtol.o:
start 00009b8f end 00009ba1 length    18 section .text
start 00000677 end 000006a5 length    46 section .info.

(C:\Program Files (x86)\COSMIC\FSE_Compilers\CXSTM8\lib\libm0.sm8)umul.o:
start ******** end ******** length     0 section .text *** removed ***
start 000006a5 end 000006d3 length    46 section .info.

(C:\Program Files (x86)\COSMIC\FSE_Compilers\CXSTM8\lib\libm0.sm8)xreg.o:
start 0000000c end 0000000f length     3 section .ubsct
start 000006d3 end 00000701 length    46 section .info.

(C:\Program Files (x86)\COSMIC\FSE_Compilers\CXSTM8\lib\libm0.sm8)xymov.o:
start 00009ba1 end 00009be0 length    63 section .text
start 00000701 end 00000730 length    47 section .info.

(C:\Program Files (x86)\COSMIC\FSE_Compilers\CXSTM8\lib\libm0.sm8)yreg.o:
start 0000000f end 00000012 length     3 section .ubsct
start 00000730 end 0000075e length    46 section .info.

Debug\stm8_interrupt_vector.o:
start 00009be0 end 00009be1 length     1 section .text
start 0000614b end 000062b6 length   363 section .debug
start 0000075e end 000007d8 length   122 section .info.
start 00008000 end 00008080 length   128 section .const


                             -----------
                             Stack usage
                             -----------

Debug\main.o:
_Init_NRF                              28   (3)
_Init_Pins                             14   (2)
_POWERSAVE                             19   (2)
_SWITCH_TO_LESDSTRIP_MODE              24   (7)
_SystemClock_Config                >   18   (2)
_assert_failed                          6   (6)
_main                              >   31   (3)
_procces_LEDStrip                      28   (7)
_procces_socket                    >    2   (2)
_waiting_for_click                     14   (8)

Debug\nrf24.o:
_SPI_DeInit_NRF                        11   (2)
_SPI_Init_NRF                          19   (2)
_ce_high                                7   (2)
_ce_low                                 7   (2)
_cs_high                                7   (2)
_cs_low                                 7   (2)
_delay                                  6   (6)
_flush_rx                          >    9   (2)
_flush_tx                               9   (2)
_nrf_deinit                            17   (2)
_read_register                         13   (3)
_read_registerN                        17   (7)
_reset_status                      >   17   (2)
_rx_init                           >   17   (2)
_rx_read                           >   21   (6)
_test_rx                           >   25   (8)
_test_tx                               25   (8)
_tx_init                               17   (2)
_tx_send                               21   (6)
_write_register                        15   (5)
_write_registerN                       17   (7)

Debug\stm8_interrupt_vector.o:
f_NonHandledInterrupt              >    6   (6)

Debug\stm8s_clk.o:
_CLK_AdjustHSICalibrationValue     >    9   (3)
_CLK_CCOCmd                        >    9   (3)
_CLK_CCOConfig                     >    9   (3)
_CLK_ClearITPendingBit             >    9   (3)
_CLK_ClockSecuritySystemEnable     >    2   (2)
_CLK_ClockSwitchCmd                >    9   (3)
_CLK_ClockSwitchConfig                 16   (10)
_CLK_DeInit                        >    2   (2)
_CLK_FastHaltWakeUpCmd             >    9   (3)
_CLK_GetClockFreq                  >   25   (11)
_CLK_GetFlagStatus                     13   (7)
_CLK_GetITStatus                   >   10   (4)
_CLK_GetSYSCLKSource               >    2   (2)
_CLK_HSECmd                        >    9   (3)
_CLK_HSICmd                             9   (3)
_CLK_HSIPrescalerConfig                 9   (3)
_CLK_ITConfig                      >   10   (4)
_CLK_LSICmd                        >    9   (3)
_CLK_PeripheralClockConfig         >   10   (4)
_CLK_SWIMConfig                    >    9   (3)
_CLK_SYSCLKConfig                       9   (3)
_CLK_SYSCLKEmergencyClear          >    2   (2)
_CLK_SlowActiveHaltWakeUpCmd       >    9   (3)

Debug\stm8s_exti.o:
_EXTI_DeInit                       >    2   (2)
_EXTI_GetExtIntSensitivity         >   10   (4)
_EXTI_GetTLISensitivity            >    3   (3)
_EXTI_SetExtIntSensitivity             10   (4)
_EXTI_SetTLISensitivity            >    9   (3)

Debug\stm8s_gpio.o:
_GPIO_DeInit                            2   (2)
_GPIO_ExternalPullUpConfig         >   12   (6)
_GPIO_Init                             12   (6)
_GPIO_ReadInputData                >    2   (2)
_GPIO_ReadInputPin                      5   (5)
_GPIO_ReadOutputData               >    2   (2)
_GPIO_Write                        >    5   (5)
_GPIO_WriteHigh                         5   (5)
_GPIO_WriteLow                          5   (5)
_GPIO_WriteReverse                 >    5   (5)

Debug\stm8s_it.o:
f_ADC1_IRQHandler                  >    6   (6)
f_AWU_IRQHandler                   >    6   (6)
f_CLK_IRQHandler                   >    6   (6)
f_EEPROM_EEC_IRQHandler            >    6   (6)
f_EXTI_PORTA_IRQHandler            >    6   (6)
f_EXTI_PORTB_IRQHandler            >    6   (6)
f_EXTI_PORTC_IRQHandler            >    6   (6)
f_EXTI_PORTD_IRQHandler            >   40   (12)
f_EXTI_PORTE_IRQHandler            >    6   (6)
f_I2C_IRQHandler                   >    6   (6)
f_SPI_IRQHandler                   >    6   (6)
f_TIM1_CAP_COM_IRQHandler          >    6   (6)
f_TIM1_UPD_OVF_TRG_BRK_IRQHandler  >    6   (6)
f_TIM2_CAP_COM_IRQHandler          >    6   (6)
f_TIM2_UPD_OVF_BRK_IRQHandler      >    6   (6)
f_TIM4_UPD_OVF_IRQHandler          >    6   (6)
f_TLI_IRQHandler                   >    6   (6)
f_TRAP_IRQHandler                  >    6   (6)
f_UART1_RX_IRQHandler              >    6   (6)
f_UART1_TX_IRQHandler              >    6   (6)

Debug\stm8s_spi.o:
_SPI_BiDirectionalLineConfig       >    9   (3)
_SPI_CalculateCRCCmd                    9   (3)
_SPI_ClearFlag                     >    9   (3)
_SPI_ClearITPendingBit             >   10   (4)
_SPI_Cmd                                9   (3)
_SPI_DeInit                             2   (2)
_SPI_GetCRC                        >   10   (4)
_SPI_GetCRCPolynomial              >    2   (2)
_SPI_GetFlagStatus                     10   (4)
_SPI_GetITStatus                   >   11   (5)
_SPI_ITConfig                      >   11   (5)
_SPI_Init                              17   (11)
_SPI_NSSInternalSoftwareCmd        >    9   (3)
_SPI_ReceiveData                        2   (2)
_SPI_ResetCRC                      >   11   (2)
_SPI_SendData                           2   (2)
_SPI_TransmitCRC                   >    2   (2)

Stack size: 71


                              ---------
                              Call tree
                              ---------
   1 > _CLK_AdjustHSICalibrationValue: (3)
   2      + _assert_failed: (6)
       
   3 > _CLK_CCOCmd: (3)
   4      + _assert_failed --> 2
       
   5 > _CLK_CCOConfig: (3)
   6      + _assert_failed --> 2
       
   7 > _CLK_ClearITPendingBit: (3)
   8      + _assert_failed --> 2
       
   9 > _CLK_ClockSecuritySystemEnable: (2)

  10 > _CLK_ClockSwitchCmd: (3)
  11      + _assert_failed --> 2
       
  12 > _CLK_DeInit: (2)

  13 > _CLK_FastHaltWakeUpCmd: (3)
  14      + _assert_failed --> 2
       
  15 > _CLK_GetClockFreq: (11)

  16 > _CLK_GetITStatus: (4)
  17      + _assert_failed --> 2
       
  18 > _CLK_GetSYSCLKSource: (2)

  19 > _CLK_HSECmd: (3)
  20      + _assert_failed --> 2
       
  21 > _CLK_ITConfig: (4)
  22      + _assert_failed --> 2
       
  23 > _CLK_LSICmd: (3)
  24      + _assert_failed --> 2
       
  25 > _CLK_PeripheralClockConfig: (4)
  26      + _assert_failed --> 2
       
  27 > _CLK_SWIMConfig: (3)
  28      + _assert_failed --> 2
       
  29 > _CLK_SYSCLKEmergencyClear: (2)

  30 > _CLK_SlowActiveHaltWakeUpCmd: (3)
  31      + _assert_failed --> 2
       
  32 > _EXTI_DeInit: (2)

  33 > _EXTI_GetExtIntSensitivity: (4)
  34      + _assert_failed --> 2
       
  35 > _EXTI_GetTLISensitivity: (3)

  36 > _EXTI_SetTLISensitivity: (3)
  37      + _assert_failed --> 2
       
  38 > _GPIO_ExternalPullUpConfig: (6)
  39      + _assert_failed --> 2
       
  40 > _GPIO_ReadInputData: (2)

  41 > _GPIO_ReadOutputData: (2)

  42 > _GPIO_Write: (5)

  43 > _GPIO_WriteReverse: (5)

  44 > _SPI_BiDirectionalLineConfig: (3)
  45      + _assert_failed --> 2
       
  46 > _SPI_ClearFlag: (3)
  47      + _assert_failed --> 2
       
  48 > _SPI_ClearITPendingBit: (4)
  49      + _assert_failed --> 2
       
  50 > _SPI_GetCRC: (4)
  51      + _assert_failed --> 2
       
  52 > _SPI_GetCRCPolynomial: (2)

  53 > _SPI_GetITStatus: (5)
  54      + _assert_failed --> 2
       
  55 > _SPI_ITConfig: (5)
  56      + _assert_failed --> 2
       
  57 > _SPI_NSSInternalSoftwareCmd: (3)
  58      + _assert_failed --> 2
       
  59 > _SPI_ResetCRC: (2)
  60      + _SPI_CalculateCRCCmd: (3)
  61      |    + _assert_failed --> 2
          | 
  62      + _SPI_Cmd: (3)
  63      |    + _assert_failed --> 2
          | 
       
  64 > _SPI_TransmitCRC: (2)

  65 > _SystemClock_Config: (2)
  66      + _CLK_ClockSwitchConfig: (10)
  67      |    + _assert_failed --> 2
          | 
  68      + _CLK_GetFlagStatus: (7)
  69      |    + _assert_failed --> 2
          | 
  70      + _CLK_HSICmd: (3)
  71      |    + _assert_failed --> 2
          | 
  72      + _CLK_HSIPrescalerConfig: (3)
  73      |    + _assert_failed --> 2
          | 
  74      + _CLK_SYSCLKConfig: (3)
  75      |    + _assert_failed --> 2
          | 
       
  76 > __stext: (0)

  77 > _flush_rx: (2)
  78      + _SPI_SendData: (2)
  79      + _cs_high: (2)
  80      |    + _GPIO_WriteHigh: (5)
          | 
  81      + _cs_low: (2)
  82      |    + _GPIO_WriteLow: (5)
          | 
  83      + _delay: (6)
       
  84 > _main: (3)
  85      + _GPIO_Init: (6)
  86      |    + _assert_failed --> 2
          | 
  87      + _GPIO_WriteHigh --> 80
  88      + _GPIO_WriteLow --> 82
  89      + _Init_NRF: (3)
  90      |    + _SPI_Init_NRF: (2)
  91      |    |    + _SPI_Cmd --> 62
  92      |    |    + _SPI_Init: (11)
  93      |    |    |    + _assert_failed --> 2
          |    |    | 
          |    | 
  94      |    + _delay --> 83
  95      |    + _test_tx: (8)
  96      |    |    + _delay --> 83
  97      |    |    + _read_register: (3)
  98      |    |    |    + _SPI_GetFlagStatus: (4)
  99      |    |    |    |    + _assert_failed --> 2
          |    |    |    | 
 100      |    |    |    + _SPI_ReceiveData: (2)
 101      |    |    |    + _SPI_SendData --> 78
 102      |    |    |    + _cs_high --> 79
 103      |    |    |    + _cs_low --> 81
 104      |    |    |    + _delay --> 83
          |    |    | 
 105      |    |    + _read_registerN: (7)
 106      |    |    |    + _SPI_GetFlagStatus --> 98
 107      |    |    |    + _SPI_ReceiveData --> 100
 108      |    |    |    + _SPI_SendData --> 78
 109      |    |    |    + _cs_high --> 79
 110      |    |    |    + _cs_low --> 81
 111      |    |    |    + _delay --> 83
          |    |    | 
          |    | 
 112      |    + _tx_init: (2)
 113      |    |    + _GPIO_Init --> 85
 114      |    |    + _delay --> 83
 115      |    |    + _flush_tx: (2)
 116      |    |    |    + _SPI_SendData --> 78
 117      |    |    |    + _cs_high --> 79
 118      |    |    |    + _cs_low --> 81
 119      |    |    |    + _delay --> 83
          |    |    | 
 120      |    |    + _write_register: (5)
 121      |    |    |    + _SPI_GetFlagStatus --> 98
 122      |    |    |    + _SPI_SendData --> 78
 123      |    |    |    + _cs_high --> 79
 124      |    |    |    + _cs_low --> 81
 125      |    |    |    + _delay --> 83
          |    |    | 
          |    | 
 126      |    + _write_registerN: (7)
 127      |    |    + _SPI_GetFlagStatus --> 98
 128      |    |    + _SPI_SendData --> 78
 129      |    |    + _cs_high --> 79
 130      |    |    + _cs_low --> 81
 131      |    |    + _delay --> 83
          |    | 
          | 
 132      + _Init_Pins: (2)
 133      |    + _GPIO_Init --> 85
          | 
 134      + _POWERSAVE: (2)
 135      |    + _EXTI_SetExtIntSensitivity: (4)
 136      |    |    + _assert_failed --> 2
          |    | 
 137      |    + _GPIO_DeInit: (2)
 138      |    + _GPIO_Init --> 85
 139      |    + _GPIO_WriteLow --> 82
 140      |    + _SPI_DeInit_NRF: (2)
 141      |    |    + _SPI_Cmd --> 62
 142      |    |    + _SPI_DeInit: (2)
          |    | 
 143      |    + _delay --> 83
 144      |    + _nrf_deinit: (2)
 145      |    |    + _GPIO_DeInit --> 137
 146      |    |    + _delay --> 83
 147      |    |    + _write_register --> 120
          |    | 
          | 
 148      + _SWITCH_TO_LESDSTRIP_MODE: (7)
 149      |    + _delay --> 83
 150      |    + _write_registerN --> 126
          | 
 151      + _procces_LEDStrip: (7)
 152      |    + _tx_send: (6)
 153      |    |    + _SPI_GetFlagStatus --> 98
 154      |    |    + _SPI_SendData --> 78
 155      |    |    + _ce_high: (2)
 156      |    |    |    + _GPIO_WriteHigh --> 80
          |    |    | 
 157      |    |    + _ce_low: (2)
 158      |    |    |    + _GPIO_WriteLow --> 82
          |    |    | 
 159      |    |    + _cs_high --> 79
 160      |    |    + _cs_low --> 81
 161      |    |    + _delay --> 83
 162      |    |    + _flush_tx --> 115
 163      |    |    + _read_register --> 97
 164      |    |    + _write_register --> 120
          |    | 
          | 
 165      + _waiting_for_click: (8)
 166      |    + _GPIO_ReadInputPin: (5)
 167      |    + _GPIO_WriteHigh --> 80
 168      |    + _GPIO_WriteLow --> 82
 169      |    + _delay --> 83
          | 
       
 170 > _procces_socket: (2)

 171 > _reset_status: (2)
 172      + _write_register --> 120
       
 173 > _rx_init: (2)
 174      + _GPIO_Init --> 85
 175      + _delay --> 83
 176      + _flush_tx --> 115
 177      + _write_register --> 120
       
 178 > _rx_read: (6)
 179      + _SPI_GetFlagStatus --> 98
 180      + _SPI_ReceiveData --> 100
 181      + _SPI_SendData --> 78
 182      + _cs_high --> 79
 183      + _cs_low --> 81
 184      + _delay --> 83
 185      + _write_register --> 120
       
 186 > _test_rx: (8)
 187      + _delay --> 83
 188      + _read_register --> 97
 189      + _read_registerN --> 105
       
 190 > f_ADC1_IRQHandler: (6)

 191 > f_AWU_IRQHandler: (6)

 192 > f_CLK_IRQHandler: (6)

 193 > f_EEPROM_EEC_IRQHandler: (6)

 194 > f_EXTI_PORTA_IRQHandler: (6)

 195 > f_EXTI_PORTB_IRQHandler: (6)

 196 > f_EXTI_PORTC_IRQHandler: (6)

 197 > f_EXTI_PORTD_IRQHandler: (12)
 198      + _GPIO_ReadInputPin --> 166
 199      + _GPIO_WriteHigh --> 80
 200      + _GPIO_WriteLow --> 82
 201      + _Init_NRF --> 89
 202      + _Init_Pins --> 132
 203      + _delay --> 83
       
 204 > f_EXTI_PORTE_IRQHandler: (6)

 205 > f_I2C_IRQHandler: (6)

 206 > f_NonHandledInterrupt: (6)

 207 > f_SPI_IRQHandler: (6)

 208 > f_TIM1_CAP_COM_IRQHandler: (6)

 209 > f_TIM1_UPD_OVF_TRG_BRK_IRQHandler: (6)

 210 > f_TIM2_CAP_COM_IRQHandler: (6)

 211 > f_TIM2_UPD_OVF_BRK_IRQHandler: (6)

 212 > f_TIM4_UPD_OVF_IRQHandler: (6)

 213 > f_TLI_IRQHandler: (6)

 214 > f_TRAP_IRQHandler: (6)

 215 > f_UART1_RX_IRQHandler: (6)

 216 > f_UART1_TX_IRQHandler: (6)

 217   _CLK_ClockSwitchConfig --> 66

 218   _CLK_GetFlagStatus --> 68

 219   _CLK_HSICmd --> 70

 220   _CLK_HSIPrescalerConfig --> 72

 221   _CLK_SYSCLKConfig --> 74

 222   _EXTI_SetExtIntSensitivity --> 135

 223   _GPIO_DeInit --> 137

 224   _GPIO_Init --> 85

 225   _GPIO_ReadInputPin --> 166

 226   _GPIO_WriteHigh --> 80

 227   _GPIO_WriteLow --> 82

 228   _Init_NRF --> 89

 229   _Init_Pins --> 132

 230   _POWERSAVE --> 134

 231   _SPI_CalculateCRCCmd --> 60

 232   _SPI_Cmd --> 62

 233   _SPI_DeInit --> 142

 234   _SPI_DeInit_NRF --> 140

 235   _SPI_GetFlagStatus --> 98

 236   _SPI_Init --> 92

 237   _SPI_Init_NRF --> 90

 238   _SPI_ReceiveData --> 100

 239   _SPI_SendData --> 78

 240   _SWITCH_TO_LESDSTRIP_MODE --> 148

 241   _assert_failed --> 2

 242   _ce_high --> 155

 243   _ce_low --> 157

 244   _cs_high --> 79

 245   _cs_low --> 81

 246   _delay --> 83

 247   _flush_tx --> 115

 248   _nrf_deinit --> 144

 249   _procces_LEDStrip --> 151

 250   _read_register --> 97

 251   _read_registerN --> 105

 252   _test_tx --> 95

 253   _tx_init --> 112

 254   _tx_send --> 152

 255   _waiting_for_click --> 165

 256   _write_register --> 120

 257   _write_registerN --> 126



                               -------
                               Symbols
                               -------

_APR_Array                          ********   *** removed from Debug\stm8s_awu.o ***
_AWU_Cmd                            ********   *** removed from Debug\stm8s_awu.o ***
_AWU_DeInit                         ********   *** removed from Debug\stm8s_awu.o ***
_AWU_GetFlagStatus                  ********   *** removed from Debug\stm8s_awu.o ***
_AWU_IdleModeEnable                 ********   *** removed from Debug\stm8s_awu.o ***
_AWU_Init                           ********   *** removed from Debug\stm8s_awu.o ***
_AWU_LSICalibrationConfig           ********   *** removed from Debug\stm8s_awu.o ***
_CLKPrescTable                      00008084   defined in Debug\stm8s_clk.o section .const
_CLK_AdjustHSICalibrationValue      000087a6   defined in Debug\stm8s_clk.o section .text
_CLK_CCOCmd                         000082e2   defined in Debug\stm8s_clk.o section .text
_CLK_CCOConfig                      000085bc   defined in Debug\stm8s_clk.o section .text
_CLK_ClearITPendingBit              000088d6   defined in Debug\stm8s_clk.o section .text
_CLK_ClockSecuritySystemEnable      00008729   defined in Debug\stm8s_clk.o section .text
_CLK_ClockSwitchCmd                 0000830d   defined in Debug\stm8s_clk.o section .text
_CLK_ClockSwitchConfig              00008451   defined in Debug\stm8s_clk.o section .text
                                               used in Debug\main.o
_CLK_DeInit                         000081fe   defined in Debug\stm8s_clk.o section .text
_CLK_FastHaltWakeUpCmd              00008236   defined in Debug\stm8s_clk.o section .text
_CLK_GetClockFreq                   00008732   defined in Debug\stm8s_clk.o section .text
_CLK_GetFlagStatus                  000087ea   defined in Debug\stm8s_clk.o section .text
                                               used in Debug\main.o
_CLK_GetITStatus                    0000888b   defined in Debug\stm8s_clk.o section .text
_CLK_GetSYSCLKSource                0000872e   defined in Debug\stm8s_clk.o section .text
_CLK_HSECmd                         00008261   defined in Debug\stm8s_clk.o section .text
_CLK_HSICmd                         0000828c   defined in Debug\stm8s_clk.o section .text
                                               used in Debug\main.o
_CLK_HSIPrescalerConfig             00008587   defined in Debug\stm8s_clk.o section .text
                                               used in Debug\main.o
_CLK_ITConfig                       00008619   defined in Debug\stm8s_clk.o section .text
_CLK_LSICmd                         000082b7   defined in Debug\stm8s_clk.o section .text
_CLK_PeripheralClockConfig          00008363   defined in Debug\stm8s_clk.o section .text
_CLK_SWIMConfig                     000086fe   defined in Debug\stm8s_clk.o section .text
_CLK_SYSCLKConfig                   0000868d   defined in Debug\stm8s_clk.o section .text
                                               used in Debug\main.o
_CLK_SYSCLKEmergencyClear           000087e5   defined in Debug\stm8s_clk.o section .text
_CLK_SlowActiveHaltWakeUpCmd        00008338   defined in Debug\stm8s_clk.o section .text
_CURRENT_MODE                       00000000   defined in Debug\main.o section .bsct, initialized
_EXTI_DeInit                        00008904   defined in Debug\stm8s_exti.o section .text
_EXTI_GetExtIntSensitivity          00008a04   defined in Debug\stm8s_exti.o section .text
_EXTI_GetTLISensitivity             00008a7a   defined in Debug\stm8s_exti.o section .text
_EXTI_SetExtIntSensitivity          0000890d   defined in Debug\stm8s_exti.o section .text
                                               used in Debug\main.o
_EXTI_SetTLISensitivity             000089db   defined in Debug\stm8s_exti.o section .text
_FLASH_DeInit                       ********   *** removed from Debug\stm8s_flash.o ***
_FLASH_EraseBlock                   ********   *** removed from Debug\stm8s_flash.o ***
_FLASH_EraseByte                    ********   *** removed from Debug\stm8s_flash.o ***
_FLASH_EraseOptionByte              ********   *** removed from Debug\stm8s_flash.o ***
_FLASH_GetBootSize                  ********   *** removed from Debug\stm8s_flash.o ***
_FLASH_GetFlagStatus                ********   *** removed from Debug\stm8s_flash.o ***
_FLASH_GetLowPowerMode              ********   *** removed from Debug\stm8s_flash.o ***
_FLASH_GetProgrammingTime           ********   *** removed from Debug\stm8s_flash.o ***
_FLASH_ITConfig                     ********   *** removed from Debug\stm8s_flash.o ***
_FLASH_Lock                         ********   *** removed from Debug\stm8s_flash.o ***
_FLASH_ProgramBlock                 ********   *** removed from Debug\stm8s_flash.o ***
_FLASH_ProgramByte                  ********   *** removed from Debug\stm8s_flash.o ***
_FLASH_ProgramOptionByte            ********   *** removed from Debug\stm8s_flash.o ***
_FLASH_ProgramWord                  ********   *** removed from Debug\stm8s_flash.o ***
_FLASH_ReadByte                     ********   *** removed from Debug\stm8s_flash.o ***
_FLASH_ReadOptionByte               ********   *** removed from Debug\stm8s_flash.o ***
_FLASH_SetLowPowerMode              ********   *** removed from Debug\stm8s_flash.o ***
_FLASH_SetProgrammingTime           ********   *** removed from Debug\stm8s_flash.o ***
_FLASH_Unlock                       ********   *** removed from Debug\stm8s_flash.o ***
_FLASH_WaitForLastOperation         ********   *** removed from Debug\stm8s_flash.o ***
_GPIO_DeInit                        00008a87   defined in Debug\stm8s_gpio.o section .text
                                               used in Debug\nrf24.o Debug\main.o
_GPIO_ExternalPullUpConfig          00008b95   defined in Debug\stm8s_gpio.o section .text
_GPIO_Init                          00008a8f   defined in Debug\stm8s_gpio.o section .text
                                               used in Debug\nrf24.o Debug\main.o
_GPIO_ReadInputData                 00008b8b   defined in Debug\stm8s_gpio.o section .text
_GPIO_ReadInputPin                  00008b8e   defined in Debug\stm8s_gpio.o section .text
                                               used in Debug\main.o
                                                       Debug\stm8s_it.o
_GPIO_ReadOutputData                00008b89   defined in Debug\stm8s_gpio.o section .text
_GPIO_Write                         00008b6b   defined in Debug\stm8s_gpio.o section .text
_GPIO_WriteHigh                     00008b73   defined in Debug\stm8s_gpio.o section .text
                                               used in Debug\nrf24.o Debug\main.o
                                                       Debug\stm8s_it.o
_GPIO_WriteLow                      00008b7a   defined in Debug\stm8s_gpio.o section .text
                                               used in Debug\nrf24.o Debug\main.o
                                                       Debug\stm8s_it.o
_GPIO_WriteReverse                  00008b82   defined in Debug\stm8s_gpio.o section .text
_HSIDivFactor                       00008080   defined in Debug\stm8s_clk.o section .const
_ITC_DeInit                         ********   *** removed from Debug\stm8s_itc.o ***
_ITC_GetCPUCC                       ********   *** removed from Debug\stm8s_itc.o ***
_ITC_GetSoftIntStatus               ********   *** removed from Debug\stm8s_itc.o ***
_ITC_GetSoftwarePriority            ********   *** removed from Debug\stm8s_itc.o ***
_ITC_SetSoftwarePriority            ********   *** removed from Debug\stm8s_itc.o ***
_Init_NRF                           0000959a   defined in Debug\main.o section .text
                                               used in Debug\stm8s_it.o
_Init_Pins                          00009541   defined in Debug\main.o section .text
                                               used in Debug\stm8s_it.o
_POWERSAVE                          000098f6   defined in Debug\main.o section .text
_SPI_BiDirectionalLineConfig        00008e7e   defined in Debug\stm8s_spi.o section .text
_SPI_CalculateCRCCmd                00008e15   defined in Debug\stm8s_spi.o section .text
_SPI_ClearFlag                      00008eed   defined in Debug\stm8s_spi.o section .text
_SPI_ClearITPendingBit              00008f84   defined in Debug\stm8s_spi.o section .text
_SPI_Cmd                            00008d41   defined in Debug\stm8s_spi.o section .text
                                               used in Debug\nrf24.o
_SPI_DeInit                         00008be3   defined in Debug\stm8s_spi.o section .text
                                               used in Debug\nrf24.o
_SPI_DeInit_NRF                     0000903c   defined in Debug\nrf24.o section .text
                                               used in Debug\main.o
_SPI_GetCRC                         00008e40   defined in Debug\stm8s_spi.o section .text
_SPI_GetCRCPolynomial               00008e7a   defined in Debug\stm8s_spi.o section .text
_SPI_GetFlagStatus                  00008ea9   defined in Debug\stm8s_spi.o section .text
                                               used in Debug\nrf24.o
_SPI_GetITStatus                    00008f11   defined in Debug\stm8s_spi.o section .text
_SPI_ITConfig                       00008d6c   defined in Debug\stm8s_spi.o section .text
_SPI_Init                           00008bf8   defined in Debug\stm8s_spi.o section .text
                                               used in Debug\nrf24.o
_SPI_Init_NRF                       00009022   defined in Debug\nrf24.o section .text
                                               used in Debug\main.o
_SPI_NSSInternalSoftwareCmd         00008de5   defined in Debug\stm8s_spi.o section .text
_SPI_ReceiveData                    00008de1   defined in Debug\stm8s_spi.o section .text
                                               used in Debug\nrf24.o
_SPI_ResetCRC                       00008e70   defined in Debug\stm8s_spi.o section .text
_SPI_SendData                       00008ddd   defined in Debug\stm8s_spi.o section .text
                                               used in Debug\nrf24.o
_SPI_TransmitCRC                    00008e10   defined in Debug\stm8s_spi.o section .text
_SWITCH_TO_LESDSTRIP_MODE           00009856   defined in Debug\main.o section .text
_SystemClock_Config                 00009936   defined in Debug\main.o section .text
_TBR_Array                          ********   *** removed from Debug\stm8s_awu.o ***
__endmem                            000001ff   defined in command file
                                               *** not used ***
__endzp                             00000012   defined in command file section .ubsct
                                               used in C:\Program Files (x86)\COSMIC\FSE_Compilers\CXSTM8\lib\crtsi0.sm8
__idesc__                           000081a0   defined in linker section .init
                                               used in C:\Program Files (x86)\COSMIC\FSE_Compilers\CXSTM8\lib\crtsi0.sm8
__memory                            00000100   defined in command file section .bss
                                               used in C:\Program Files (x86)\COSMIC\FSE_Compilers\CXSTM8\lib\crtsi0.sm8
__stack                             000003ff   defined in command file
                                               used in C:\Program Files (x86)\COSMIC\FSE_Compilers\CXSTM8\lib\crtsi0.sm8
__startmem                          00000100   defined in command file section .bss
                                               *** not used ***
__stext                             000081ae   defined in C:\Program Files (x86)\COSMIC\FSE_Compilers\CXSTM8\lib\crtsi0.sm8 section .text
                                               used in Debug\stm8_interrupt_vector.o
__vectab                            00008000   defined in Debug\stm8_interrupt_vector.o section .const
_assert_failed                      000099e8   defined in Debug\main.o section .text
                                               used in Debug\stm8s_awu.o
                                                       Debug\stm8s_clk.o
                                                       Debug\stm8s_exti.o
                                                       Debug\stm8s_flash.o
                                                       Debug\stm8s_gpio.o
                                                       Debug\stm8s_itc.o
                                                       Debug\stm8s_spi.o
_ce_high                            00008fe9   defined in Debug\nrf24.o section .text
_ce_low                             00008ff3   defined in Debug\nrf24.o section .text
_col                                00000006   defined in Debug\main.o section .ubsct
_cs_high                            00008fd5   defined in Debug\nrf24.o section .text
_cs_low                             00008fdf   defined in Debug\nrf24.o section .text
_delay                              00008fbd   defined in Debug\nrf24.o section .text
                                               used in Debug\main.o
                                                       Debug\stm8s_it.o
_exit                               000081fc   defined in C:\Program Files (x86)\COSMIC\FSE_Compilers\CXSTM8\lib\crtsi0.sm8 section .text
_flush_rx                           00009013   defined in Debug\nrf24.o section .text
_flush_tx                           00009004   defined in Debug\nrf24.o section .text
_main                               0000995a   defined in Debug\main.o section .text
                                               used in C:\Program Files (x86)\COSMIC\FSE_Compilers\CXSTM8\lib\crtsi0.sm8
_nrf_deinit                         00009321   defined in Debug\nrf24.o section .text
                                               used in Debug\main.o
_procces_LEDStrip                   00009880   defined in Debug\main.o section .text
_procces_socket                     000098f3   defined in Debug\main.o section .text
_read_register                      00009044   defined in Debug\nrf24.o section .text
_read_registerN                     000090c4   defined in Debug\nrf24.o section .text
_reset_status                       00008ffd   defined in Debug\nrf24.o section .text
_row                                00000007   defined in Debug\main.o section .ubsct
_rx_init                            00009245   defined in Debug\nrf24.o section .text
_rx_read                            000091eb   defined in Debug\nrf24.o section .text
_test_rx                            00009455   defined in Debug\nrf24.o section .text
_test_tx                            00009370   defined in Debug\nrf24.o section .text
                                               used in Debug\main.o
_tx_init                            000092b9   defined in Debug\nrf24.o section .text
                                               used in Debug\main.o
_tx_send                            0000917a   defined in Debug\nrf24.o section .text
                                               used in Debug\main.o
_txaddr                             00000001   defined in Debug\main.o section .bsct, initialized
_waiting_for_click                  000095cc   defined in Debug\main.o section .text
_write_register                     00009094   defined in Debug\nrf24.o section .text
_write_registerN                    0000912e   defined in Debug\nrf24.o section .text
                                               used in Debug\main.o
c_cmulx                             ********   *** removed from (C:\Program Files (x86)\COSMIC\FSE_Compilers\CXSTM8\lib\libm0.sm8)cmulx.o ***
c_divsl                             00009a7c   defined in (C:\Program Files (x86)\COSMIC\FSE_Compilers\CXSTM8\lib\libm0.sm8)ldiv.o section .text
                                               *** not used ***
c_divul                             00009a93   defined in (C:\Program Files (x86)\COSMIC\FSE_Compilers\CXSTM8\lib\libm0.sm8)ldiv.o section .text
                                               used in (C:\Program Files (x86)\COSMIC\FSE_Compilers\CXSTM8\lib\libm0.sm8)ludiv.o
c_imul                              ********   *** removed from (C:\Program Files (x86)\COSMIC\FSE_Compilers\CXSTM8\lib\libm0.sm8)imul.o ***
c_ladd                              ********   *** removed from (C:\Program Files (x86)\COSMIC\FSE_Compilers\CXSTM8\lib\libm0.sm8)ladd.o ***
c_lcmp                              ********   *** removed from (C:\Program Files (x86)\COSMIC\FSE_Compilers\CXSTM8\lib\libm0.sm8)lcmp.o ***
c_lgadd                             ********   *** removed from (C:\Program Files (x86)\COSMIC\FSE_Compilers\CXSTM8\lib\libm0.sm8)lgadd.o ***
c_lgneg                             00009b67   defined in (C:\Program Files (x86)\COSMIC\FSE_Compilers\CXSTM8\lib\libm0.sm8)lgneg.o section .text
                                               used in (C:\Program Files (x86)\COSMIC\FSE_Compilers\CXSTM8\lib\libm0.sm8)ldiv.o
c_lneg                              00009b7a   defined in (C:\Program Files (x86)\COSMIC\FSE_Compilers\CXSTM8\lib\libm0.sm8)lneg.o section .text
                                               used in (C:\Program Files (x86)\COSMIC\FSE_Compilers\CXSTM8\lib\libm0.sm8)ldiv.o
c_lreg                              00000008   defined in (C:\Program Files (x86)\COSMIC\FSE_Compilers\CXSTM8\lib\libm0.sm8)lreg.o section .ubsct
                                               used in Debug\stm8s_awu.o
                                                       Debug\stm8s_clk.o
                                                       Debug\stm8s_flash.o
                                                       (C:\Program Files (x86)\COSMIC\FSE_Compilers\CXSTM8\lib\libm0.sm8)cmulx.o
                                                       (C:\Program Files (x86)\COSMIC\FSE_Compilers\CXSTM8\lib\libm0.sm8)ladd.o
                                                       (C:\Program Files (x86)\COSMIC\FSE_Compilers\CXSTM8\lib\libm0.sm8)lcmp.o
                                                       (C:\Program Files (x86)\COSMIC\FSE_Compilers\CXSTM8\lib\libm0.sm8)lgadd.o
                                                       (C:\Program Files (x86)\COSMIC\FSE_Compilers\CXSTM8\lib\libm0.sm8)ltor.o
                                                       (C:\Program Files (x86)\COSMIC\FSE_Compilers\CXSTM8\lib\libm0.sm8)ldiv.o
                                                       (C:\Program Files (x86)\COSMIC\FSE_Compilers\CXSTM8\lib\libm0.sm8)lneg.o
                                                       (C:\Program Files (x86)\COSMIC\FSE_Compilers\CXSTM8\lib\libm0.sm8)rtol.o
                                                       (C:\Program Files (x86)\COSMIC\FSE_Compilers\CXSTM8\lib\libm0.sm8)umul.o
c_ltor                              00009a56   defined in (C:\Program Files (x86)\COSMIC\FSE_Compilers\CXSTM8\lib\libm0.sm8)ltor.o section .text
                                               used in Debug\stm8s_awu.o
                                                       Debug\stm8s_clk.o
                                                       Debug\stm8s_flash.o
c_ludv                              00009a68   defined in (C:\Program Files (x86)\COSMIC\FSE_Compilers\CXSTM8\lib\libm0.sm8)ludiv.o section .text
                                               used in Debug\stm8s_awu.o
                                                       Debug\stm8s_clk.o
c_rtol                              00009b8f   defined in (C:\Program Files (x86)\COSMIC\FSE_Compilers\CXSTM8\lib\libm0.sm8)rtol.o section .text
                                               used in Debug\stm8s_clk.o
                                                       Debug\stm8s_flash.o
c_umul                              ********   *** removed from (C:\Program Files (x86)\COSMIC\FSE_Compilers\CXSTM8\lib\libm0.sm8)umul.o ***
c_x                                 0000000c   defined in (C:\Program Files (x86)\COSMIC\FSE_Compilers\CXSTM8\lib\libm0.sm8)xreg.o section .ubsct
                                               used in C:\Program Files (x86)\COSMIC\FSE_Compilers\CXSTM8\lib\crtsi0.sm8
                                                       Debug\stm8s_awu.o
                                                       Debug\stm8s_it.o
                                                       (C:\Program Files (x86)\COSMIC\FSE_Compilers\CXSTM8\lib\libm0.sm8)imul.o
                                                       (C:\Program Files (x86)\COSMIC\FSE_Compilers\CXSTM8\lib\libm0.sm8)ldiv.o
                                                       (C:\Program Files (x86)\COSMIC\FSE_Compilers\CXSTM8\lib\libm0.sm8)umul.o
                                                       (C:\Program Files (x86)\COSMIC\FSE_Compilers\CXSTM8\lib\libm0.sm8)xymov.o
c_xymov                             00009ba1   defined in (C:\Program Files (x86)\COSMIC\FSE_Compilers\CXSTM8\lib\libm0.sm8)xymov.o section .text
                                               used in Debug\main.o
c_y                                 0000000f   defined in (C:\Program Files (x86)\COSMIC\FSE_Compilers\CXSTM8\lib\libm0.sm8)yreg.o section .ubsct
                                               used in C:\Program Files (x86)\COSMIC\FSE_Compilers\CXSTM8\lib\crtsi0.sm8
                                                       Debug\stm8s_it.o
                                                       (C:\Program Files (x86)\COSMIC\FSE_Compilers\CXSTM8\lib\libm0.sm8)umul.o
f_ADC1_IRQHandler                   00009a53   defined in Debug\stm8s_it.o section .text
                                               used in Debug\stm8_interrupt_vector.o
f_AWU_IRQHandler                    000099ec   defined in Debug\stm8s_it.o section .text
                                               used in Debug\stm8_interrupt_vector.o
f_CLK_IRQHandler                    000099ed   defined in Debug\stm8s_it.o section .text
                                               used in Debug\stm8_interrupt_vector.o
f_EEPROM_EEC_IRQHandler             00009a55   defined in Debug\stm8s_it.o section .text
                                               used in Debug\stm8_interrupt_vector.o
f_EXTI_PORTA_IRQHandler             000099ee   defined in Debug\stm8s_it.o section .text
                                               used in Debug\stm8_interrupt_vector.o
f_EXTI_PORTB_IRQHandler             000099ef   defined in Debug\stm8s_it.o section .text
                                               used in Debug\stm8_interrupt_vector.o
f_EXTI_PORTC_IRQHandler             000099f0   defined in Debug\stm8s_it.o section .text
                                               used in Debug\stm8_interrupt_vector.o
f_EXTI_PORTD_IRQHandler             000099f1   defined in Debug\stm8s_it.o section .text
                                               used in Debug\stm8_interrupt_vector.o
f_EXTI_PORTE_IRQHandler             00009a4a   defined in Debug\stm8s_it.o section .text
                                               used in Debug\stm8_interrupt_vector.o
f_I2C_IRQHandler                    00009a52   defined in Debug\stm8s_it.o section .text
                                               used in Debug\stm8_interrupt_vector.o
f_NonHandledInterrupt               00009be0   defined in Debug\stm8_interrupt_vector.o section .text
f_SPI_IRQHandler                    00009a4b   defined in Debug\stm8s_it.o section .text
                                               used in Debug\stm8_interrupt_vector.o
f_TIM1_CAP_COM_IRQHandler           00009a4d   defined in Debug\stm8s_it.o section .text
                                               used in Debug\stm8_interrupt_vector.o
f_TIM1_UPD_OVF_TRG_BRK_IRQHandler   00009a4c   defined in Debug\stm8s_it.o section .text
                                               used in Debug\stm8_interrupt_vector.o
f_TIM2_CAP_COM_IRQHandler           00009a4f   defined in Debug\stm8s_it.o section .text
                                               used in Debug\stm8_interrupt_vector.o
f_TIM2_UPD_OVF_BRK_IRQHandler       00009a4e   defined in Debug\stm8s_it.o section .text
                                               used in Debug\stm8_interrupt_vector.o
f_TIM4_UPD_OVF_IRQHandler           00009a54   defined in Debug\stm8s_it.o section .text
                                               used in Debug\stm8_interrupt_vector.o
f_TLI_IRQHandler                    000099eb   defined in Debug\stm8s_it.o section .text
                                               used in Debug\stm8_interrupt_vector.o
f_TRAP_IRQHandler                   000099ea   defined in Debug\stm8s_it.o section .text
                                               used in Debug\stm8_interrupt_vector.o
f_UART1_RX_IRQHandler               00009a51   defined in Debug\stm8s_it.o section .text
                                               used in Debug\stm8_interrupt_vector.o
f_UART1_TX_IRQHandler               00009a50   defined in Debug\stm8s_it.o section .text
                                               used in Debug\stm8_interrupt_vector.o
